> mydata <- data.frame(x1=c(2,3,4,5), x2=c(2,5,7,9))
> mydata
  x1 x2
1  2  2
2  3  5
3  4  7
4  5  9
> View(mydata)
> View(mydata)
> sumx <- x1+x2
Error: object 'x1' not found
> sumx <- mydata$x1+mydata$x2
> sumx
[1]  4  8 11 14
> ls()
[1] "mydata" "mydate" "sum"    "sumx"  
> mydata$sumx <- mydata$x1+ mydata$x2
> mydata
  x1 x2 sumx
1  2  2    4
2  3  5    8
3  4  7   11
4  5  9   14
> mydata$meanx <- (mydata$x1+ mydata$x2)/2
> mydata
  x1 x2 sumx meanx
1  2  2    4   2.0
2  3  5    8   4.0
3  4  7   11   5.5
4  5  9   14   7.0

> mydata <- data.frame(x1=c(2,3,4,5), x2=c(2,5,7,9))
> mydata
  x1 x2
1  2  2
2  3  5
3  4  7
4  5  9
> sumx <- mydata$x1+mydata$x2
> sumx
[1]  4  8 11 14
> ls()
[1] "mydata" "mydate" "sum"    "sumx"  
> mydata$sumx <- mydata$x1+ mydata$x2
> mydata
  x1 x2 sumx
1  2  2    4
2  3  5    8
3  4  7   11
4  5  9   14
> mydata$meanx <- (mydata$x1+ mydata$x2)/2
> mydata
  x1 x2 sumx meanx
1  2  2    4   2.0
2  3  5    8   4.0
3  4  7   11   5.5
4  5  9   14   7.0
> manager <- c(1,2,3,4,5)
> date <- c("10/24/08","10/28/08","10/1/08","10/12/08","5/1/09")
> country <- c("US","US","UK","UK","UK")
> gender <- c("M","F","F","M","F")
> age <- c(32,45,25,39,99)
> q1 <- c(5,3,3,3,2)
> q2 <- c(4,5,5,3,2)
> q3 <- c(5,2,5,4,1)
> q4 <- c(5,5,5,NA,2)
> q5 <- c(5,5,2,NA,1)
> survey <- data.frame(manager,date, country, gender, age, q1, q2, q3, q4, q5, stringsAsFactors = FALSE)
> survey
  manager     date country gender age q1 q2 q3 q4 q5
1       1 10/24/08      US      M  32  5  4  5  5  5
2       2 10/28/08      US      F  45  3  5  2  5  5
3       3  10/1/08      UK      F  25  3  5  5  5  2
4       4 10/12/08      UK      M  39  3  3  4 NA NA
5       5   5/1/09      UK      F  99  2  2  1  2  1
> survey$age[survey$age == 99] <- NA
> survey
  manager     date country gender age q1 q2 q3 q4 q5
1       1 10/24/08      US      M  32  5  4  5  5  5
2       2 10/28/08      US      F  45  3  5  2  5  5
3       3  10/1/08      UK      F  25  3  5  5  5  2
4       4 10/12/08      UK      M  39  3  3  4 NA NA
5       5   5/1/09      UK      F  NA  2  2  1  2  1

> survey$age[survey$age > 75] <- "老年人"
> survey$age[survey$age > 55 & survey$age <=75] <- "中年人"
> survey$age[survey$age <= 55] <- "青年人"

> survey
  manager     date country gender    age q1 q2 q3 q4 q5
1       1 10/24/08      US      M 青年人  5  4  5  5  5
2       2 10/28/08      US      F 青年人  3  5  2  5  5
3       3  10/1/08      UK      F 青年人  3  5  5  5  2
4       4 10/12/08      UK      M 青年人  3  3  4 NA NA
5       5   5/1/09      UK      F   <NA>  2  2  1  2  1
> fix(survey)
> survey
  manager_test     date country gender    age q1 q2 q3 q4 q5
1            1 10/24/08      US      M 青年人  5  4  5  5  5
2            2 10/28/08      US      F 青年人  3  5  2  5  5
3            3  10/1/08      UK      F 青年人  3  5  5  5  2
4            4 10/12/08      UK      M 青年人  3  3  4 NA NA
5            5   5/1/09      UK      F   <NA>  2  2  1  2  1
> names(survey)
 [1] "manager_test" "date"         "country"      "gender"       "age"          "q1"           "q2"          
 [8] "q3"           "q4"           "q5"          
> names(survey)[6] <- "question1"
> names(survey)
 [1] "manager_test" "date"         "country"      "gender"       "age"          "question1"    "q2"          
 [8] "q3"           "q4"           "q5"          
> survey
  manager_test     date country gender    age question1 q2 q3 q4 q5
1            1 10/24/08      US      M 青年人         5  4  5  5  5
2            2 10/28/08      US      F 青年人         3  5  2  5  5
3            3  10/1/08      UK      F 青年人         3  5  5  5  2
4            4 10/12/08      UK      M 青年人         3  3  4 NA NA
5            5   5/1/09      UK      F   <NA>         2  2  1  2  1
> 