> abs(-3)
[1] 3
> sqrt(9)
[1] 3
> ceiling(3.567)
[1] 4
> floor(3.567)
[1] 3
> round(3.45)
[1] 3
> round(3.5)
[1] 4
> sin(4)
[1] -0.7568025
> cos(3)
[1] -0.9899925
> log(10)
[1] 2.302585
> x <- c(2,3,4,1,3,7,4,9,10)
> x
[1]  2  3  4  1  3  7  4  9 10
> mean(x)
[1] 4.777778
> sum(x)
[1] 3
Warning message:
In 1:num : numerical expression has 9 elements: only the first used
> sum(x)
[1] 3
Warning message:
In 1:num : numerical expression has 9 elements: only the first used
> n <- length(x)
> n
[1] 9
> r <- sum(x)
Warning message:
In 1:num : numerical expression has 9 elements: only the first used
> sd(x)
[1] 3.153481
> var(x)
[1] 9.944444
> max(x)
[1] 10
> min(x)
[1] 1
> scale(x)
            [,1]
 [1,] -0.8808607
 [2,] -0.5637509
 [3,] -0.2466410
 [4,] -1.1979706
 [5,] -0.5637509
 [6,]  0.7046886
 [7,] -0.2466410
 [8,]  1.3389083
 [9,]  1.6560181
attr(,"scaled:center")
[1] 4.777778
attr(,"scaled:scale")
[1] 3.153481
> x<- pretty(c(-3,3),30)
> x
 [1] -3.0 -2.8 -2.6 -2.4 -2.2 -2.0 -1.8 -1.6 -1.4 -1.2 -1.0 -0.8 -0.6 -0.4 -0.2
[16]  0.0  0.2  0.4  0.6  0.8  1.0  1.2  1.4  1.6  1.8  2.0  2.2  2.4  2.6  2.8
[31]  3.0
> y <- norm(3,3)
Error in norm(3, 3) : 'A' must be a numeric matrix
> y <- dnorm(x)
> y
 [1] 0.004431848 0.007915452 0.013582969 0.022394530 0.035474593 0.053990967
 [7] 0.078950158 0.110920835 0.149727466 0.194186055 0.241970725 0.289691553
[13] 0.333224603 0.368270140 0.391042694 0.398942280 0.391042694 0.368270140
[19] 0.333224603 0.289691553 0.241970725 0.194186055 0.149727466 0.110920835
[25] 0.078950158 0.053990967 0.035474593 0.022394530 0.013582969 0.007915452
[31] 0.004431848
> plot(x,y)
> rnorm(50, mean=20, sd=8)
 [1]  7.0733894 20.3975284 17.4767815 14.1774594 27.0713834 17.4142506
 [7] 19.1201249 19.2604616 14.8202110  6.1656120 31.3198502 30.2503671
[13] 18.8018797 21.3807536 26.6272119 25.9188817 24.6154739 25.1354480
[19] 12.9379455 32.4125071 18.8459021 -0.6102923 23.9028072 22.2541294
[25] 26.2353815 25.0870205  6.2997746 23.0670611 15.9724157 14.7185075
[31] 20.9869871 23.1448870 24.3750004 14.5855423 20.7688505 13.4003174
[37] 16.4321056 12.0097235 17.1920319 14.8016025 15.1103156 31.7622219
[43] 26.4280641 24.5361068 18.1422925 29.5496643 22.5540312 15.5523418
[49] 25.8237129 24.2500853

> runif(5)
[1] 0.33901016 0.47706033 0.04655203 0.17307015 0.83514852
> runif(5)
[1] 0.4787033 0.4084385 0.9792378 0.8269182 0.6530845
> runif(5)
[1] 0.5603208 0.3272718 0.5631376 0.5036892 0.3678077
> set.seed(12)
> runif(5)
[1] 0.06936092 0.81777520 0.94262173 0.26938188 0.16934812
> runif(5)
[1] 0.033895622 0.178785004 0.641665366 0.022877743 0.008324827